  pch.cpp
  dllmain.cpp
  LibraryAPI.cpp
D:\VSProj\PrimerDll_3_MT_4\PrimerDll_3_MT_4\LibraryAPI.h(40,7): warning C4091: __declspec(uuid("6d0957a0-eade-4770-b448-eee0d92f84cf")novtable): пропускается слева от "ILibraryAPI", когда ни одна переменная не объявлена
  (компиляция исходного файла "/LibraryAPI.cpp")
  
D:\VSProj\PrimerDll_3_MT_4\PrimerDll_3_MT_4\LibraryAPI.h(107,7): warning C4099: IBSTRItems: имя типа, ранее отображенное с помощью "struct", теперь отображено с помощью "class"
  (компиляция исходного файла "/LibraryAPI.cpp")
      D:\VSProj\PrimerDll_3_MT_4\PrimerDll_3_MT_4\LibraryAPI.h(107,7):
       см. объявление "IBSTRItems"
  
D:\VSProj\PrimerDll_3_MT_4\PrimerDll_3_MT_4\LibraryAPI.h(107,7): warning C4091: __declspec(uuid("7988654f-59fb-401f-9e4c-972ff343c66b")): пропускается слева от "IBSTRItems", когда ни одна переменная не объявлена
  (компиляция исходного файла "/LibraryAPI.cpp")
  
D:\VSProj\PrimerDll_3_MT_4\PrimerDll_3_MT_4\LibraryAPI.h(147,7): warning C4099: ITaskSource: имя типа, ранее отображенное с помощью "struct", теперь отображено с помощью "class"
  (компиляция исходного файла "/LibraryAPI.cpp")
      D:\VSProj\PrimerDll_3_MT_4\PrimerDll_3_MT_4\LibraryAPI.h(147,7):
       см. объявление "ITaskSource"
  
D:\VSProj\PrimerDll_3_MT_4\PrimerDll_3_MT_4\LibraryAPI.h(147,7): warning C4091: __declspec(uuid("697522a7-7eec-47d5-91e1-928242f770fe")novtable): пропускается слева от "ITaskSource", когда ни одна переменная не объявлена
  (компиляция исходного файла "/LibraryAPI.cpp")
  
D:\VSProj\PrimerDll_3_MT_4\PrimerDll_3_MT_4\LibraryAPI.cpp(35,16): warning C4269: tmpGUID: автоматические const-данные, инициализированные конструктором по умолчанию, который был создан компилятором, непредсказуемы
  (компиляция исходного файла "/LibraryAPI.cpp")
  
  Создание кода...
D:\VSProj\PrimerDll_3_MT_4\PrimerDll_3_MT_4\LibraryAPI.cpp(29,1): warning C4172: возвращаемый адрес локальной переменной или временного : buffer
D:\VSProj\PrimerDll_3_MT_4\PrimerDll_3_MT_4\LibraryAPI.cpp(29,1): warning C4172: возвращаемый адрес локальной переменной или временного : buffer
D:\VSProj\PrimerDll_3_MT_4\PrimerDll_3_MT_4\LibraryAPI.cpp(29,1): warning C4172: возвращаемый адрес локальной переменной или временного : buffer
D:\VSProj\PrimerDll_3_MT_4\PrimerDll_3_MT_4\LibraryAPI.cpp(29,1): warning C4172: возвращаемый адрес локальной переменной или временного : buffer
D:\VSProj\PrimerDll_3_MT_4\PrimerDll_3_MT_4\LibraryAPI.cpp(29,1): warning C4172: возвращаемый адрес локальной переменной или временного : buffer
     Создается библиотека D:\VSProj\PrimerDll_3_MT_4\Debug\PrimerDll_3_MT_4.lib и объект D:\VSProj\PrimerDll_3_MT_4\Debug\PrimerDll_3_MT_4.exp
  PrimerDll_3_MT_4.vcxproj -> D:\VSProj\PrimerDll_3_MT_4\Debug\PrimerDll_3_MT_4.dll
